Copyright 1986-2022 Xilinx, Inc. All Rights Reserved. Copyright 2022-2024 Advanced Micro Devices, Inc. All Rights Reserved.
---------------------------------------------------------------------------------------------------------------------------------------------
| Tool Version : Vivado v.2024.1.1 (win64) Build 5094488 Fri Jun 14 08:59:21 MDT 2024
| Date         : Mon Dec  2 19:08:38 2024
| Host         : babushkacoloD running 64-bit major release  (build 9200)
| Command      : report_control_sets -verbose -file minesweeper_top_control_sets_placed.rpt
| Design       : minesweeper_top
| Device       : xc7a35t
---------------------------------------------------------------------------------------------------------------------------------------------

Control Set Information

Table of Contents
-----------------
1. Summary
2. Histogram
3. Flip-Flop Distribution
4. Detailed Control Set Information

1. Summary
----------

+----------------------------------------------------------+-------+
|                          Status                          | Count |
+----------------------------------------------------------+-------+
| Total control sets                                       |    86 |
|    Minimum number of control sets                        |    86 |
|    Addition due to synthesis replication                 |     0 |
|    Addition due to physical synthesis replication        |     0 |
| Unused register locations in slices containing registers |   332 |
+----------------------------------------------------------+-------+
* Control sets can be merged at opt_design using control_set_merge or merge_equivalent_drivers
** Run report_qor_suggestions for automated merging and remapping suggestions


2. Histogram
------------

+--------------------+-------+
|       Fanout       | Count |
+--------------------+-------+
| Total control sets |    86 |
| >= 0 to < 4        |     5 |
| >= 4 to < 6        |    66 |
| >= 6 to < 8        |     0 |
| >= 8 to < 10       |     0 |
| >= 10 to < 12      |     3 |
| >= 12 to < 14      |     2 |
| >= 14 to < 16      |     0 |
| >= 16              |    10 |
+--------------------+-------+
* Control sets can be remapped at either synth_design or opt_design


3. Flip-Flop Distribution
-------------------------

+--------------+-----------------------+------------------------+-----------------+--------------+
| Clock Enable | Synchronous Set/Reset | Asynchronous Set/Reset | Total Registers | Total Slices |
+--------------+-----------------------+------------------------+-----------------+--------------+
| No           | No                    | No                     |             698 |          288 |
| No           | No                    | Yes                    |              32 |            9 |
| No           | Yes                   | No                     |              59 |           22 |
| Yes          | No                    | No                     |             407 |          151 |
| Yes          | No                    | Yes                    |               0 |            0 |
| Yes          | Yes                   | No                     |              80 |           26 |
+--------------+-----------------------+------------------------+-----------------+--------------+


4. Detailed Control Set Information
-----------------------------------

+----------------+------------------------------------------+------------------------------+------------------+----------------+--------------+
|  Clock Signal  |               Enable Signal              |       Set/Reset Signal       | Slice Load Count | Bel Load Count | Bels / Slice |
+----------------+------------------------------------------+------------------------------+------------------+----------------+--------------+
|  clk_IBUF_BUFG |                                          | game/reset_rng_i_1_n_0       |                1 |              1 |         1.00 |
|  clkfx         |                                          | renderer/hsync0              |                1 |              1 |         1.00 |
|  clkfx         |                                          | renderer/vsync0              |                1 |              1 |         1.00 |
|  clk_IBUF_BUFG | game/win[1]_i_1_n_0                      |                              |                1 |              2 |         2.00 |
|  clkfx         | renderer/blue[1]_i_2_n_0                 | renderer/blue[1]_i_1_n_0     |                1 |              2 |         2.00 |
|  clk_IBUF_BUFG | game/number_map[41]_35                   |                              |                1 |              4 |         4.00 |
|  clk_IBUF_BUFG | game/number_map[51]_45                   |                              |                2 |              4 |         2.00 |
|  clk_IBUF_BUFG | game/number_map[55]_49                   |                              |                1 |              4 |         4.00 |
|  clk_IBUF_BUFG | game/number_map[27]_22                   |                              |                2 |              4 |         2.00 |
|  clk_IBUF_BUFG | game/number_map[3]_1                     |                              |                1 |              4 |         4.00 |
|  clkfx         | renderer/red[1]_i_2_n_0                  | renderer/red0                |                2 |              4 |         2.00 |
|  clk_IBUF_BUFG | game/number_map[5]_2                     |                              |                4 |              4 |         1.00 |
|  clk_IBUF_BUFG | game/number_map[25]_20                   |                              |                2 |              4 |         2.00 |
|  clk_IBUF_BUFG | game/number_map[60]_54                   |                              |                1 |              4 |         4.00 |
|  clk_IBUF_BUFG | game/number_map[29]_24                   |                              |                1 |              4 |         4.00 |
|  clk_IBUF_BUFG | game/number_map[34]_28                   |                              |                1 |              4 |         4.00 |
|  clk_IBUF_BUFG | game/number_map[61]_55                   |                              |                1 |              4 |         4.00 |
|  clk_IBUF_BUFG | game/number_map[7]_4                     |                              |                4 |              4 |         1.00 |
|  clk_IBUF_BUFG | game/number_map[6]_3                     |                              |                2 |              4 |         2.00 |
|  clk_IBUF_BUFG | game/number_map[63]_57                   |                              |                1 |              4 |         4.00 |
|  clk_IBUF_BUFG | game/number_map[8]_61                    |                              |                2 |              4 |         2.00 |
|  clk_IBUF_BUFG | game/number_map[9]_5                     |                              |                3 |              4 |         1.33 |
|  clk_IBUF_BUFG | game/number_map[17]_12                   |                              |                1 |              4 |         4.00 |
|  clk_IBUF_BUFG | game/number_map[18]_13                   |                              |                1 |              4 |         4.00 |
|  clk_IBUF_BUFG | game/number_map[13]_9                    |                              |                2 |              4 |         2.00 |
|  clk_IBUF_BUFG | game/number_map[0]_0                     |                              |                2 |              4 |         2.00 |
|  clk_IBUF_BUFG | game/number_map[15]_11                   |                              |                2 |              4 |         2.00 |
|  clk_IBUF_BUFG | game/number_map[16]_59                   |                              |                1 |              4 |         4.00 |
|  clk_IBUF_BUFG | game/number_map[11]_7                    |                              |                2 |              4 |         2.00 |
|  clk_IBUF_BUFG | game/number_map[10]_6                    |                              |                2 |              4 |         2.00 |
|  clk_IBUF_BUFG | game/number_map[12]_8                    |                              |                3 |              4 |         1.33 |
|  clk_IBUF_BUFG | game/number_map[14]_10                   |                              |                3 |              4 |         1.33 |
|  clk_IBUF_BUFG | game/number_map[32]_60                   |                              |                1 |              4 |         4.00 |
|  clk_IBUF_BUFG | game/number_map[58]_52                   |                              |                2 |              4 |         2.00 |
|  clk_IBUF_BUFG | game/number_map[62]_56                   |                              |                2 |              4 |         2.00 |
|  clk_IBUF_BUFG | game/number_map[56]_50                   |                              |                2 |              4 |         2.00 |
|  clk_IBUF_BUFG | game/number_map[46]_40                   |                              |                2 |              4 |         2.00 |
|  clk_IBUF_BUFG | game/number_map[2]_62                    |                              |                2 |              4 |         2.00 |
|  clk_IBUF_BUFG | game/number_map[31]_26                   |                              |                1 |              4 |         4.00 |
|  clk_IBUF_BUFG | game/number_map[36]_30                   |                              |                1 |              4 |         4.00 |
|  clk_IBUF_BUFG | game/number_map[37]_31                   |                              |                2 |              4 |         2.00 |
|  clk_IBUF_BUFG | game/number_map[40]_34                   |                              |                2 |              4 |         2.00 |
|  clk_IBUF_BUFG | game/number_map[47]_41                   |                              |                1 |              4 |         4.00 |
|  clk_IBUF_BUFG | game/number_map[59]_53                   |                              |                1 |              4 |         4.00 |
|  clk_IBUF_BUFG | game/number_map[21]_16                   |                              |                1 |              4 |         4.00 |
|  clk_IBUF_BUFG | game/number_map[38]_32                   |                              |                1 |              4 |         4.00 |
|  clk_IBUF_BUFG | game/number_map[35]_29                   |                              |                1 |              4 |         4.00 |
|  clk_IBUF_BUFG | game/number_map[39]_33                   |                              |                1 |              4 |         4.00 |
|  clk_IBUF_BUFG | game/number_map[20]_15                   |                              |                2 |              4 |         2.00 |
|  clk_IBUF_BUFG | game/number_map[44]_38                   |                              |                1 |              4 |         4.00 |
|  clk_IBUF_BUFG | game/number_map[42]_36                   |                              |                1 |              4 |         4.00 |
|  clk_IBUF_BUFG | game/number_map[43]_37                   |                              |                1 |              4 |         4.00 |
|  clk_IBUF_BUFG | game/number_map[48]_42                   |                              |                1 |              4 |         4.00 |
|  clk_IBUF_BUFG | game/number_map[45]_39                   |                              |                1 |              4 |         4.00 |
|  clk_IBUF_BUFG | game/number_map[19]_14                   |                              |                1 |              4 |         4.00 |
|  clk_IBUF_BUFG | game/number_map[23]_18                   |                              |                3 |              4 |         1.33 |
|  clk_IBUF_BUFG | game/number_map[26]_21                   |                              |                1 |              4 |         4.00 |
|  clk_IBUF_BUFG | game/number_map[49]_43                   |                              |                1 |              4 |         4.00 |
|  clk_IBUF_BUFG | game/number_map[4]_63                    |                              |                3 |              4 |         1.33 |
|  clk_IBUF_BUFG | game/number_map[22]_17                   |                              |                1 |              4 |         4.00 |
|  clk_IBUF_BUFG | game/number_map[50]_44                   |                              |                2 |              4 |         2.00 |
|  clk_IBUF_BUFG | game/number_map[24]_19                   |                              |                3 |              4 |         1.33 |
|  clk_IBUF_BUFG | game/number_map[52]_46                   |                              |                1 |              4 |         4.00 |
|  clk_IBUF_BUFG | game/number_map[53]_47                   |                              |                1 |              4 |         4.00 |
|  clk_IBUF_BUFG | game/number_map[54]_48                   |                              |                1 |              4 |         4.00 |
|  clk_IBUF_BUFG | game/number_map[57]_51                   |                              |                1 |              4 |         4.00 |
|  clk_IBUF_BUFG | game/number_map[30]_25                   |                              |                1 |              4 |         4.00 |
|  clk_IBUF_BUFG | game/number_map[1]_58                    |                              |                2 |              4 |         2.00 |
|  clk_IBUF_BUFG | game/number_map[28]_23                   |                              |                2 |              4 |         2.00 |
|  clk_IBUF_BUFG | game/number_map[33]_27                   |                              |                1 |              4 |         4.00 |
|  clk_IBUF_BUFG |                                          | keypad/counter_reg[1]_0      |                2 |              5 |         2.50 |
|  clk_IBUF_BUFG |                                          | keypad/p_0_in                |                4 |             10 |         2.50 |
|  clkfx         |                                          | renderer/hcount[9]_i_1_n_0   |                5 |             10 |         2.00 |
|  clkfx         | renderer/hcount[9]_i_1_n_0               | renderer/vcount              |                5 |             10 |         2.00 |
|  clkfx         | renderer/pixel_addr                      |                              |                4 |             12 |         3.00 |
|  clk_IBUF_BUFG | keypad/FSM_onehot_scan_state[11]_i_1_n_0 |                              |                3 |             12 |         4.00 |
|  clk_IBUF_BUFG |                                          | game/reset_rng               |                8 |             31 |         3.88 |
|  clk_IBUF_BUFG | game/sel                                 |                              |                8 |             31 |         3.88 |
|  clk_IBUF_BUFG | game/ms_synch/E[0]                       |                              |               11 |             31 |         2.82 |
|  clk_IBUF_BUFG | game/ms_synch/d_re_reg[8]_0[0]           |                              |               13 |             31 |         2.38 |
|  clkfx         | renderer/mine_index                      |                              |                8 |             32 |         4.00 |
|  clk_IBUF_BUFG |                                          | game/cnt_solve[31]_i_1_n_0   |                9 |             32 |         3.56 |
|  clk_IBUF_BUFG | game/cnt_numbers[31]_i_2_n_0             | game/cnt_numbers[31]_i_1_n_0 |                9 |             32 |         3.56 |
|  clk_IBUF_BUFG | game/cnt_mines[31]_i_2_n_0               | game/cnt_mines[31]_i_1_n_0   |                9 |             32 |         3.56 |
|  clk_IBUF_BUFG |                                          |                              |              115 |            251 |         2.18 |
|  clkfx         |                                          |                              |              173 |            454 |         2.62 |
+----------------+------------------------------------------+------------------------------+------------------+----------------+--------------+


